// Jest Snapshot v1, https://goo.gl/fbAQLP

exports[`<Main /> should render the heading 1`] = `
<main
  class="styles__Wrapper-sc-1cs6c8-0 gHwmva"
>
  <img
    alt="Imagem de um átomo e React avançado ao lado"
    class="styles__Logo-sc-1cs6c8-1 cnwiRe"
    src="/img/logo.svg"
  />
  <h1
    class="styles__Title-sc-1cs6c8-2 gcXVYJ"
  >
    React Avançado
  </h1>
  <h2
    class="styles__Description-sc-1cs6c8-3 epwofi"
  >
    TypeScript, ReactJS, NextJS, Styled Components
  </h2>
  <img
    alt="desenvolvedor em frente ao um computador"
    class="styles__Illustration-sc-1cs6c8-4 icVAkB"
    src="/img/hero-illustration.svg"
  />
</main>
`;
